PHPUnit 11.5.33 by Sebastian Bergmann and contributors.

Runtime:       PHP 8.2.29
Configuration: C:\Program Files\Ampps\www\fratellanza-militare-archivio\phpunit.xml

.......
   PASS  Tests\Unit\AmministratoreTest
  Γ£ô crea utente                                                     0.08s  
  Γ£ô models                                                          0.01s  
  Γ£ô crea utente amministratore                                      0.07s  
  Γ£ô revoca permessi                                                 0.02s  
  Γ£ô visualizza audit log                                            0.02s  
  Γ£ô visualizza audit log senza filtri                               0.03s  
  Γ£ô genera report audit                                             0.02s  
..
   PASS  Tests\Unit\BackupIntegrityTest
  Γ£ô BackupService esegue la copia del database                      0.16s  
  Γ£ô BackupService ruota i vecchi backup correttamente               0.13s  
..
   PASS  Tests\Unit\Controller\DevTools\DevToolsDatabaseControllerTest
  Γ£ô db query executes select                                        0.03s  
  Γ£ô db query executes update
....
   PASS  Tests\Unit\Controller\DevTools\DevToolsFileSystemControllerTest
  Γ£ô fs list returns correct structure                               0.01s  
  Γ£ô fs read reads content
  Γ£ô fs save updates content
  Γ£ô security cant traverse up
PHP Fatal error:  strict_types declaration must be the very first statement in the script in C:\Program Files\Ampps\www\fratellanza-militare-archivio\src\GestioneSoci\ModuloIscrizione.php on line 5
PHP Stack trace:
PHP   1. {main}() C:\Program Files\Ampps\www\fratellanza-militare-archivio\vendor\bin\pest:0
PHP   2. include() C:\Program Files\Ampps\www\fratellanza-militare-archivio\vendor\bin\pest:119
PHP   3. {closure:C:\Program Files\Ampps\www\fratellanza-militare-archivio\vendor\pestphp\pest\bin\pest:18-192}() C:\Program Files\Ampps\www\fratellanza-militare-archivio\vendor\pestphp\pest\bin\pest:192
PHP   4. Pest\Kernel->handle($originalArguments = [0 => 'C:\\Program Files\\Ampps\\www\\fratellanza-militare-archivio\\vendor\\bin\\/pest'], $arguments = [0 => 'C:\\Program Files\\Ampps\\www\\fratellanza-militare-archivio\\vendor\\bin\\/pest']) C:\Program Files\Ampps\www\fratellanza-militare-archivio\vendor\pestphp\pest\bin\pest:184
PHP   5. PHPUnit\TextUI\Application->run($argv = [0 => 'C:\\Program Files\\Ampps\\www\\fratellanza-militare-archivio\\vendor\\bin\\/pest']) C:\Program Files\Ampps\www\fratellanza-militare-archivio\vendor\pestphp\pest\src\Kernel.php:103
PHP   6. PHPUnit\TextUI\TestRunner->run($configuration = class PHPUnit\TextUI\Configuration\Configuration { private readonly array $cliArguments = []; private readonly ?string $configurationFile = 'C:\\Program Files\\Ampps\\www\\fratellanza-militare-archivio\\phpunit.xml'; private readonly ?string $bootstrap = 'C:\\Program Files\\Ampps\\www\\fratellanza-militare-archivio\\vendor/autoload.php'; private readonly bool $cacheResult = TRUE; private readonly ?string $cacheDirectory = NULL; private readonly ?string $coverageCacheDirectory = NULL; private readonly PHPUnit\TextUI\Configuration\Source $source = class PHPUnit\TextUI\Configuration\Source { private readonly ?string $baseline = NULL; private readonly bool $ignoreBaseline = FALSE; private readonly PHPUnit\TextUI\Configuration\FilterDirectoryCollection $includeDirectories = class PHPUnit\TextUI\Configuration\FilterDirectoryCollection { ... }; private readonly PHPUnit\TextUI\Configuration\FileCollection $includeFiles = class PHPUnit\TextUI\Configuration\FileCollection { ... }; private readonly PHPUnit\TextUI\Configuration\FilterDirectoryCollection $excludeDirectories = class PHPUnit\TextUI\Configuration\FilterDirectoryCollection { ... }; private readonly PHPUnit\TextUI\Configuration\FileCollection $excludeFiles = class PHPUnit\TextUI\Configuration\FileCollection { ... }; private readonly bool $restrictDeprecations = FALSE; private readonly bool $restrictNotices = FALSE; private readonly bool $restrictWarnings = FALSE; private readonly bool $ignoreSuppressionOfDeprecations = FALSE; private readonly bool $ignoreSuppressionOfPhpDeprecations = FALSE; private readonly bool $ignoreSuppressionOfErrors = FALSE; private readonly bool $ignoreSuppressionOfNotices = FALSE; private readonly bool $ignoreSuppressionOfPhpNotices = FALSE; private readonly bool $ignoreSuppressionOfWarnings = FALSE; private readonly bool $ignoreSuppressionOfPhpWarnings = FALSE; private readonly bool $ignoreSelfDeprecations = FALSE; private readonly bool $ignoreDirectDeprecations = FALSE; private readonly bool $ignoreIndirectDeprecations = FALSE; private readonly array $deprecationTriggers = [...] }; private readonly bool $pathCoverage = FALSE; private readonly ?string $coverageClover = NULL; private readonly ?string $coverageCobertura = NULL; private readonly ?string $coverageCrap4j = NULL; private readonly int $coverageCrap4jThreshold = 30; private readonly ?string $coverageHtml = NULL; private readonly int $coverageHtmlLowUpperBound = 50; private readonly int $coverageHtmlHighLowerBound = 90; private readonly string $coverageHtmlColorSuccessLow = '#dff0d8'; private readonly string $coverageHtmlColorSuccessMedium = '#c3e3b5'; private readonly string $coverageHtmlColorSuccessHigh = '#99cb84'; private readonly string $coverageHtmlColorWarning = '#fcf8e3'; private readonly string $coverageHtmlColorDanger = '#f2dede'; private readonly ?string $coverageHtmlCustomCssFile = NULL; private readonly ?string $coveragePhp = NULL; private readonly ?string $coverageText = NULL; private readonly bool $coverageTextShowUncoveredFiles = FALSE; private readonly bool $coverageTextShowOnlySummary = FALSE; private readonly ?string $coverageXml = NULL; private readonly string $testResultCacheFile = 'C:\\Program Files\\Ampps\\www\\fratellanza-militare-archivio\\.phpunit.result.cache'; private readonly bool $ignoreDeprecatedCodeUnitsFromCodeCoverage = FALSE; private readonly bool $disableCodeCoverageIgnore = FALSE; private readonly bool $failOnAllIssues = FALSE; private readonly bool $failOnDeprecation = FALSE; private readonly bool $failOnPhpunitDeprecation = FALSE; private readonly bool $failOnPhpunitWarning = TRUE; private readonly bool $failOnEmptyTestSuite = FALSE; private readonly bool $failOnIncomplete = FALSE; private readonly bool $failOnNotice = FALSE; private readonly bool $failOnRisky = FALSE; private readonly bool $failOnSkipped = FALSE; private readonly bool $failOnWarning = FALSE; private readonly bool $doNotFailOnDeprecation = FALSE; private readonly bool $doNotFailOnPhpunitDeprecation = FALSE; private readonly bool $doNotFailOnPhpunitWarning = FALSE; private readonly bool $doNotFailOnEmptyTestSuite = FALSE; private readonly bool $doNotFailOnIncomplete = FALSE; private readonly bool $doNotFailOnNotice = FALSE; private readonly bool $doNotFailOnRisky = FALSE; private readonly bool $doNotFailOnSkipped = FALSE; private readonly bool $doNotFailOnWarning = FALSE; private readonly bool $stopOnDefect = FALSE; private readonly bool $stopOnDeprecation = FALSE; private readonly ?string $specificDeprecationToStopOn = NULL; private readonly bool $stopOnError = FALSE; private readonly bool $stopOnFailure = FALSE; private readonly bool $stopOnIncomplete = FALSE; private readonly bool $stopOnNotice = FALSE; private readonly bool $stopOnRisky = FALSE; private readonly bool $stopOnSkipped = FALSE; private readonly bool $stopOnWarning = FALSE; private readonly bool $outputToStandardErrorStream = FALSE; private readonly int $columns = 80; private readonly bool $noExtensions = FALSE; private readonly ?string $pharExtensionDirectory = NULL; private readonly array $extensionBootstrappers = []; private readonly bool $backupGlobals = FALSE; private readonly bool $backupStaticProperties = FALSE; private readonly bool $beStrictAboutChangesToGlobalState = FALSE; private readonly bool $colors = FALSE; private readonly bool $processIsolation = FALSE; private readonly bool $enforceTimeLimit = FALSE; private readonly int $defaultTimeLimit = 1; private readonly int $timeoutForSmallTests = 1; private readonly int $timeoutForMediumTests = 10; private readonly int $timeoutForLargeTests = 60; private readonly bool $reportUselessTests = TRUE; private readonly bool $strictCoverage = FALSE; private readonly bool $disallowTestOutput = FALSE; private readonly bool $displayDetailsOnAllIssues = FALSE; private readonly bool $displayDetailsOnIncompleteTests = FALSE; private readonly bool $displayDetailsOnSkippedTests = FALSE; private readonly bool $displayDetailsOnTestsThatTriggerDeprecations = FALSE; private readonly bool $displayDetailsOnPhpunitDeprecations = FALSE; private readonly bool $displayDetailsOnTestsThatTriggerErrors = FALSE; private readonly bool $displayDetailsOnTestsThatTriggerNotices = FALSE; private readonly bool $displayDetailsOnTestsThatTriggerWarnings = FALSE; private readonly bool $reverseDefectList = FALSE; private readonly bool $requireCoverageMetadata = FALSE; private readonly bool $noProgress = FALSE; private readonly bool $noResults = FALSE; private readonly bool $noOutput = FALSE; private readonly int $executionOrder = 0; private readonly int $executionOrderDefects = 0; private readonly bool $resolveDependencies = TRUE; private readonly ?string $logfileTeamcity = NULL; private readonly ?string $logfileJunit = NULL; private readonly ?string $logfileTestdoxHtml = NULL; private readonly ?string $logfileTestdoxText = NULL; private readonly ?string $logEventsText = NULL; private readonly ?string $logEventsVerboseText = NULL; private readonly ?array $testsCovering = NULL; private readonly ?array $testsUsing = NULL; private readonly ?array $testsRequiringPhpExtension = NULL; private readonly bool $teamCityOutput = FALSE; private readonly bool $testDoxOutput = FALSE; private readonly bool $testDoxOutputSummary = FALSE; private readonly ?string $filter = NULL; private readonly ?string $excludeFilter = NULL; private readonly array $groups = []; private readonly array $excludeGroups = []; private readonly int $randomOrderSeed = 1766880601; private readonly bool $includeUncoveredFiles = TRUE; private readonly PHPUnit\TextUI\Configuration\TestSuiteCollection $testSuite = class PHPUnit\TextUI\Configuration\TestSuiteCollection { private readonly array $testSuites = [...] }; private readonly string $includeTestSuite = ''; private readonly string $excludeTestSuite = ''; private readonly ?string $defaultTestSuite = NULL; private readonly array $testSuffixes = [0 => 'Test.php', 1 => '.phpt']; private readonly PHPUnit\TextUI\Configuration\Php $php = class PHPUnit\TextUI\Configuration\Php { private readonly PHPUnit\TextUI\Configuration\DirectoryCollection $includePaths = class PHPUnit\TextUI\Configuration\DirectoryCollection { ... }; private readonly PHPUnit\TextUI\Configuration\IniSettingCollection $iniSettings = class PHPUnit\TextUI\Configuration\IniSettingCollection { ... }; private readonly PHPUnit\TextUI\Configuration\ConstantCollection $constants = class PHPUnit\TextUI\Configuration\ConstantCollection { ... }; private readonly PHPUnit\TextUI\Configuration\VariableCollection $globalVariables = class PHPUnit\TextUI\Configuration\VariableCollection { ... }; private readonly PHPUnit\TextUI\Configuration\VariableCollection $envVariables = class PHPUnit\TextUI\Configuration\VariableCollection { ... }; private readonly PHPUnit\TextUI\Configuration\VariableCollection $postVariables = class PHPUnit\TextUI\Configuration\VariableCollection { ... }; private readonly PHPUnit\TextUI\Configuration\VariableCollection $getVariables = class PHPUnit\TextUI\Configuration\VariableCollection { ... }; private readonly PHPUnit\TextUI\Configuration\VariableCollection $cookieVariables = class PHPUnit\TextUI\Configuration\VariableCollection { ... }; private readonly PHPUnit\TextUI\Configuration\VariableCollection $serverVariables = class PHPUnit\TextUI\Configuration\VariableCollection { ... }; private readonly PHPUnit\TextUI\Configuration\VariableCollection $filesVariables = class PHPUnit\TextUI\Configuration\VariableCollection { ... }; private readonly PHPUnit\TextUI\Configuration\VariableCollection $requestVariables = class PHPUnit\TextUI\Configuration\VariableCollection { ... } }; private readonly bool $controlGarbageCollector = FALSE; private readonly int $numberOfTestsBeforeGarbageCollection = 100; private readonly ?string $generateBaseline = NULL; private readonly bool $debug = FALSE; private readonly int $shortenArraysForExportThreshold = 0 }, $resultCache = class PHPUnit\Runner\ResultCache\DefaultResultCache { private readonly string $cacheFilename = 'C:\\Program Files\\Ampps\\www\\fratellanza-militare-archivio\\.phpunit.result.cache'; private array $defects = ['P\Tests\Feature\LoginControllerTest::__pest_evaluable_login_verify_success_redirects' => class PHPUnit\Framework\TestStatus\Failure { ... }, 'P\Tests\Feature\StatisticsControllerTest::__pest_evaluable_statistics_view_renders' => class PHPUnit\Framework\TestStatus\Error { ... }, 'P\Tests\Unit\InfrastructureTest::__pest_evaluable_google_drive_adapter_uploads_and_downloads' => class PHPUnit\Framework\TestStatus\Error { ... }]; private array $times = ['P\Tests\Unit\AmministratoreTest::__pest_evaluable_crea_utente' => 0.079, 'P\Tests\Unit\AmministratoreTest::__pest_evaluable_models' => 0.008, 'P\Tests\Unit\AmministratoreTest::__pest_evaluable_crea_utente_amministratore' => 0.066, 'P\Tests\Unit\AmministratoreTest::__pest_evaluable_revoca_permessi' => 0.02, 'P\Tests\Unit\AmministratoreTest::__pest_evaluable_visualizza_audit_log' => 0.018, 'P\Tests\Unit\AmministratoreTest::__pest_evaluable_visualizza_audit_log_senza_filtri' => 0.027, 'P\Tests\Unit\AmministratoreTest::__pest_evaluable_genera_report_audit' => 0.019, 'P\Tests\Unit\BackupIntegrityTest::__pest_evaluable_BackupService_esegue_la_copia_del_database' => 0.14, 'P\Tests\Unit\BackupIntegrityTest::__pest_evaluable_BackupService_ruota_i_vecchi_backup_correttamente' => 0.127, 'Tests\Unit\Controller\DevTools\DevToolsDatabaseControllerTest::testDbQueryExecutesSelect' => 0.012, 'Tests\Unit\Controller\DevTools\DevToolsDatabaseControllerTest::testDbQueryExecutesUpdate' => 0.001, 'Tests\Unit\Controller\DevTools\DevToolsFileSystemControllerTest::testFsListReturnsCorrectStructure' => 0.002, 'Tests\Unit\Controller\DevTools\DevToolsFileSystemControllerTest::testFsReadReadsContent' => 0.002, 'Tests\Unit\Controller\DevTools\DevToolsFileSystemControllerTest::testFsSaveUpdatesContent' => 0.003, 'Tests\Unit\Controller\DevTools\DevToolsFileSystemControllerTest::testSecurityCantTraverseUp' => 0.002, 'P\Tests\Unit\DocumentoTest::__pest_evaluable_verifica_integrita_documento' => 0.007, 'P\Tests\Unit\EmailServiceTest::__pest_evaluable_email_service_writes_to_log_file' => 0.014, 'P\Tests\Unit\InfrastructureTest::__pest_evaluable_google_drive_adapter_uploads_and_downloads' => 0.011, 'P\Tests\Unit\InfrastructureTest::__pest_evaluable_ocr_engine_processes_image' => 0.005, 'P\Tests\Unit\OperatoreTest::__pest_evaluable_carica_pratica' => 0.015, 'P\Tests\Unit\OperatoreTest::__pest_evaluable_carica_pratica_senza_codice_fiscale_throws_exception' => 0.009, 'P\Tests\Unit\OperatoreTest::__pest_evaluable_carica_pratica_senza_tipo_throws_exception' => 0.01, 'P\Tests\Unit\OperatoreTest::__pest_evaluable_ricerca_socio' => 0.026, 'P\Tests\Unit\OperatoreTest::__pest_evaluable_ricerca_socio_per_nome' => 0.024, 'P\Tests\Unit\OperatoreTest::__pest_evaluable_ricerca_socio_per_matricola' => 0.024, 'P\Tests\Unit\OperatoreTest::__pest_evaluable_stampa_report' => 0.026, 'P\Tests\Unit\OperatoreTest::__pest_evaluable_stampa_report_senza_parametri' => 0.019, 'Tests\Unit\Service\CacheServiceTest::testGetReturnsValueFromRedis' => 0, 'Tests\Unit\Service\CacheServiceTest::testGetReturnsNullOnMiss' => 0.001, 'Tests\Unit\Service\CacheServiceTest::testSetDelegatesToRedis' => 0.001, 'Tests\Unit\Service\CacheServiceTest::testRememberReturnsCachedValue' => 0.001, 'Tests\Unit\Service\CacheServiceTest::testInvalidateSociCallsDeletePattern' => 0, 'Tests\Unit\Service\CacheServiceTest::testRememberSociListGeneratesCorrectKey' => 0, 'Tests\Unit\Service\QueueServiceTest::testPushInsertsJob' => 0.001, 'Tests\Unit\Service\QueueServiceTest::testPopReturnsNullIfNoJob' => 0.001, 'Tests\Unit\Service\QueueServiceTest::testPopReturnsJobAndReservesIt' => 0.001, 'Tests\Unit\Service\QueueServiceTest::testCompleteDeletesJob' => 0, 'Tests\Unit\Service\RedisServiceTest::testGetDeserializesValue' => 0, 'Tests\Unit\Service\RedisServiceTest::testGetReturnsNullOnFailure' => 0.001, 'Tests\Unit\Service\RedisServiceTest::testSetSerializesValue' => 0, 'Tests\Unit\Service\RedisServiceTest::testSetWithTtl' => 0, 'Tests\Unit\Service\RedisServiceTest::testDeleteDelegatesToClient' => 0, 'Tests\Unit\Service\RedisServiceTest::testRememberReturnsCachedValue' => 0, 'Tests\Unit\Service\RedisServiceTest::testRememberComputesAndStoresValue' => 0.001, 'Tests\Unit\Service\RedisServiceTest::testDisabledServiceReturnsDefaults' => 0, 'Tests\Unit\Service\ValidationServiceTest::testValidCodiceFiscale' => 0, 'Tests\Unit\Service\ValidationServiceTest::testInvalidCodiceFiscaleLength' => 0, 'Tests\Unit\Service\ValidationServiceTest::testInvalidCodiceFiscaleFormat' => 0, 'Tests\Unit\Service\ValidationServiceTest::testValidEmail' => 0, 'Tests\Unit\Service\ValidationServiceTest::testInvalidEmail' => 0, 'Tests\Unit\Service\ValidationServiceTest::testValidPdfUpload' => 0, 'Tests\Unit\Service\ValidationServiceTest::testValidImageUpload' => 0, 'Tests\Unit\Service\ValidationServiceTest::testInvalidMimeType' => 0, 'Tests\Unit\Service\ValidationServiceTest::testFileTooLarge' => 0, 'P\Tests\Unit\SocioTest::__pest_evaluable_socio_can_be_instantiated' => 0.009, 'P\Tests\Unit\SocioTest::__pest_evaluable_aggiorna_anagrafica' => 0.008, 'P\Tests\Unit\SocioTest::__pest_evaluable_verifica_morosita' => 0.007, 'Tests\Feature\Controller\HealthControllerTest::testCheckReturns200WhenHealthy' => 0.001, 'Tests\Feature\Controller\HealthControllerTest::testCheckReturns503WhenUnhealthy' => 0.001, 'Tests\Feature\Controller\SettingsControllerTest::testViewRendersSettingsTemplate' => 0.001, 'P\Tests\Feature\CorrelationIdTest::__pest_evaluable_request_id_is_logged_in_context' => 0.018, 'P\Tests\Feature\ExampleTest::__pest_evaluable_example' => 0.007, 'P\Tests\Feature\GDPRComplianceTest::__pest_evaluable__GDPR_Compliance_Tests__ΓåÆ_hardDelete_removes_all_personal_data_permanently' => 0.062, 'P\Tests\Feature\GDPRComplianceTest::__pest_evaluable__GDPR_Compliance_Tests__ΓåÆ_exportGDPRData_returns_complete_personal_data_export' => 0.028, 'P\Tests\Feature\GDPRComplianceTest::__pest_evaluable__GDPR_Compliance_Tests__ΓåÆ_exportGDPRData_handles_non_existent_socio_gracefully' => 0.022, 'P\Tests\Feature\GDPRComplianceTest::__pest_evaluable__GDPR_Compliance_Tests__ΓåÆ_hardDelete_creates_audit_log_entry' => 0.055, 'P\Tests\Feature\HomeControllerTest::__pest_evaluable_home_dashboard_renders_correctly' => 0.007, 'P\Tests\Feature\LoginControllerTest::__pest_evaluable_login_form_renders' => 0.006, 'P\Tests\Feature\LoginControllerTest::__pest_evaluable_login_verify_success_redirects' => 0.049, 'P\Tests\Feature\SocioControllerTest::__pest_evaluable_socio_list_renders' => 0.007, 'P\Tests\Feature\SocioControllerTest::__pest_evaluable_socio_create_stores_data' => 0.008, 'P\Tests\Feature\StatisticsControllerTest::__pest_evaluable_statistics_view_renders' => 0.008, 'P\Tests\Feature\TestPdfGenerationTest::__pest_evaluable_it_generates_physical_pdf_on_socio_creation_with_payment' => 0.083, 'P\Tests\Feature\UserJourneyTest::__pest_evaluable_User_Journey__Complete_Lifecycle_of_a_Socio_via_Modulo_Anagrafica' => 0.073, 'P\Tests\Integration\DatabaseSchemaTest::__pest_evaluable_required_tables_exist' => 0.035, 'P\Tests\Integration\DatabaseSchemaTest::__pest_evaluable_socio_table_schema' => 0.025, 'P\Tests\Integration\DatabaseSchemaTest::__pest_evaluable_documenti_table_schema' => 0.035, 'P\Tests\Integration\PersistenceTest::__pest_evaluable_can_save_and_retrieve_socio' => 0.047, 'P\Tests\Integration\RegistrationServicePestTest::__pest_evaluable_registrazione_fallisce_se_utente_esiste_gia' => 0.068, 'P\Tests\Integration\RegistrationServicePestTest::__pest_evaluable_pdf_generato_solo_se_pagamento_effettuato' => 0.034, 'P\Tests\Integration\RegistrationServicePestTest::__pest_evaluable_pdf_generato_se_pagamento_presente' => 0.073, 'P\Tests\Integration\RegistrationServiceTest::__pest_evaluable_Integration__Registration_Service_Register_New_Member_Flow' => 0.062, 'P\Tests\Integration\RepositoryEdgeCasesTest::__pest_evaluable_repository_handles_special_characters_in_search' => 0.017, 'P\Tests\Integration\RepositoryEdgeCasesTest::__pest_evaluable_repository_handles_unicode_characters' => 0.01, 'P\Tests\Integration\SearchRobustnessTest::__pest_evaluable_search_finds_by_first_name_only' => 0.02, 'P\Tests\Integration\SearchRobustnessTest::__pest_evaluable_search_finds_by_last_name_only' => 0.033, 'P\Tests\Integration\SearchRobustnessTest::__pest_evaluable_search_finds_by_combined_first_and_last_name' => 0.048, 'P\Tests\Integration\SearchRobustnessTest::__pest_evaluable_search_finds_by_combined_last_and_first_name' => 0.042, 'P\Tests\Integration\SearchRobustnessTest::__pest_evaluable_search_finds_by_partial_codice_fiscale' => 0.039, 'P\Tests\Integration\SearchRobustnessTest::__pest_evaluable_search_finds_by_full_codice_fiscale' => 0.043, 'P\Tests\Integration\SearchRobustnessTest::__pest_evaluable_search_finds_by_matricola' => 0.052, 'P\Tests\Integration\SearchRobustnessTest::__pest_evaluable_search_finds_by_email' => 0.028, 'P\Tests\Integration\SearchRobustnessTest::__pest_evaluable_search_finds_by_phone' => 0.022, 'P\Tests\Integration\SecurityWorkflowTest::__pest_evaluable_workflow_creazione_utente_e_operazioni' => 0.189, 'P\Tests\Integration\SecurityWorkflowTest::__pest_evaluable_workflow_verifica_permessi_negati' => 0.027, 'P\Tests\Integration\SecurityWorkflowTest::__pest_evaluable_workflow_export_audit_trail' => 0.081, 'P\Tests\Integration\SecurityWorkflowTest::__pest_evaluable_workflow_revoca_permessi' => 0.046, 'P\Tests\Integration\SecurityWorkflowTest::__pest_evaluable_workflow_amministratore_accesso_totale' => 0.027, 'P\Tests\Integration\TransactionResilienceTest::__pest_evaluable_verifica_rollback_su_errore_durante_il_salvataggio_dei_documenti' => 0.034, 'P\Tests\Arch\ArchitectureTest::__pest_evaluable_controllers' => 3.859, 'P\Tests\Arch\ArchitectureTest::__pest_evaluable_debug' => 7.065, 'P\Tests\Arch\ArchitectureTest::__pest_evaluable_models' => 3.157, 'P\Tests\Security\AccessControlTest::__pest_evaluable_operatore_ha_permessi_base' => 0.001, 'P\Tests\Security\AccessControlTest::__pest_evaluable_operatore_non_ha_permessi_amministrativi' => 0.001, 'P\Tests\Security\AccessControlTest::__pest_evaluable_amministratore_ha_accesso_completo' => 0.001, 'P\Tests\Security\AccessControlTest::__pest_evaluable_grant_permesso_a_nuovo_ruolo' => 0.001, 'P\Tests\Security\AccessControlTest::__pest_evaluable_grant_non_aggiunge_duplicati' => 0.001, 'P\Tests\Security\AuditTrailTest::__pest_evaluable_log_evento' => 0.018, 'P\Tests\Security\AuditTrailTest::__pest_evaluable_esportazione_json' => 0.017, 'P\Tests\Security\AuditTrailTest::__pest_evaluable_esportazione_csv' => 0.017, 'P\Tests\Security\AuditTrailTest::__pest_evaluable_esportazione_formato_non_supportato_throws_exception' => 0.015, 'P\Tests\Security\AuditTrailTest::__pest_evaluable_ricerca_azioni_con_filtri' => 0.049, 'P\Tests\Security\AuditTrailTest::__pest_evaluable_genera_report_today' => 0.068, 'P\Tests\Security\AuditTrailTest::__pest_evaluable_scrittura_su_database' => 0.027, 'P\Tests\Security\DependencyVulnerabilityTest::__pest_evaluable_composer_packages_have_no_known_vulnerabilities' => 1.698, 'P\Tests\Security\DependencyVulnerabilityTest::__pest_evaluable_npm_packages_have_no_known_vulnerabilities' => 0.703, 'P\Tests\Security\DependencyVulnerabilityTest::__pest_evaluable_composer_lock_file_exists_and_is_valid' => 0.141, 'P\Tests\Security\DependencyVulnerabilityTest::__pest_evaluable_package_lock_json_file_exists_and_is_valid' => 0.026, 'P\Tests\Security\DependencyVulnerabilityTest::__pest_evaluable_no_deprecated_composer_packages_in_production_dependencies' => 0.001, 'P\Tests\Security\DependencyVulnerabilityTest::__pest_evaluable_critical_security_packages_are_installed' => 0.001, 'P\Tests\Security\DependencyVulnerabilityTest::__pest_evaluable_sensitive_files_are_protected_in__gitignore' => 0.001, 'P\Tests\Security\DependencyVulnerabilityTest::__pest_evaluable_defuse_encryption_library_is_installed_for_TOTP_security' => 0.001, 'P\Tests\Security\GDPRAnonymizationTest::__pest_evaluable_cf_anonymization' => 0.033, 'P\Tests\Security\GDPRAnonymizationTest::__pest_evaluable_username_anonymization' => 0.009, 'P\Tests\Security\MiddlewareTest::__pest_evaluable_security_headers_are_added' => 0.002, 'P\Tests\Security\ResilientSessionTest::__pest_evaluable_SessionManager_rigenera_l_ID_di_sessione_correttamente' => 0.003, 'P\Tests\Security\ResilientSessionTest::__pest_evaluable_verifica_configurazione_sicura_dei_cookie_di_sessione' => 0.001, 'P\Tests\Security\SecurityHeadersTest::__pest_evaluable__SecurityHeadersMiddleware_Tests__ΓåÆ_adds_Content_Security_Policy_header' => 0.002, ...] }, $suite = class PHPUnit\Framework\TestSuite { private string $name = 'C:\\Program Files\\Ampps\\www\\fratellanza-militare-archivio\\phpunit.xml'; private array $groups = []; private ?array $requiredTests = NULL; private array $tests = []; private ?array $providedTests = NULL; private ?PHPUnit\Runner\Filter\Factory $iteratorFilter = NULL; private bool $wasRun = TRUE }) C:\Program Files\Ampps\www\fratellanza-militare-archivio\vendor\phpunit\phpunit\src\TextUI\Application.php:211
PHP   7. PHPUnit\Framework\TestSuite->run() C:\Program Files\Ampps\www\fratellanza-militare-archivio\vendor\phpunit\phpunit\src\TextUI\TestRunner.php:64
PHP   8. PHPUnit\Framework\TestSuite->run() C:\Program Files\Ampps\www\fratellanza-militare-archivio\vendor\phpunit\phpunit\src\Framework\TestSuite.php:369
PHP   9. PHPUnit\Framework\TestSuite->run() C:\Program Files\Ampps\www\fratellanza-militare-archivio\vendor\phpunit\phpunit\src\Framework\TestSuite.php:369
PHP  10. PHPUnit\Framework\TestCase->run() C:\Program Files\Ampps\www\fratellanza-militare-archivio\vendor\phpunit\phpunit\src\Framework\TestSuite.php:369
PHP  11. PHPUnit\Framework\TestRunner->run($test = class P\Tests\Unit\DocumentoTest { private ?bool ${PHPUnit\Framework\TestCase}backupGlobals = FALSE; private array ${PHPUnit\Framework\TestCase}backupGlobalsExcludeList = []; private ?bool ${PHPUnit\Framework\TestCase}backupStaticProperties = FALSE; private array ${PHPUnit\Framework\TestCase}backupStaticPropertiesExcludeList = []; private ?SebastianBergmann\GlobalState\Snapshot ${PHPUnit\Framework\TestCase}snapshot = NULL; private ?array ${PHPUnit\Framework\TestCase}backupGlobalErrorHandlers = [0 => class PHPUnit\Runner\ErrorHandler { ... }]; private ?array ${PHPUnit\Framework\TestCase}backupGlobalExceptionHandlers = []; private ?bool ${PHPUnit\Framework\TestCase}runClassInSeparateProcess = NULL; private ?bool ${PHPUnit\Framework\TestCase}runTestInSeparateProcess = NULL; private bool ${PHPUnit\Framework\TestCase}preserveGlobalState = FALSE; private bool ${PHPUnit\Framework\TestCase}inIsolation = FALSE; private ?string ${PHPUnit\Framework\TestCase}expectedException = NULL; private ?string ${PHPUnit\Framework\TestCase}expectedExceptionMessage = NULL; private ?string ${PHPUnit\Framework\TestCase}expectedExceptionMessageRegExp = NULL; private string|int|null ${PHPUnit\Framework\TestCase}expectedExceptionCode = NULL; private array ${PHPUnit\Framework\TestCase}providedTests = [0 => class PHPUnit\Framework\ExecutionOrderDependency { ... }]; private array ${PHPUnit\Framework\TestCase}data = []; private string|int ${PHPUnit\Framework\TestCase}dataName = ''; private string ${PHPUnit\Framework\TestCase}methodName = '__pest_evaluable_verifica_integrita_documento'; private array ${PHPUnit\Framework\TestCase}groups = [0 => 'default']; private array ${PHPUnit\Framework\TestCase}dependencies = []; private array ${PHPUnit\Framework\TestCase}dependencyInput = []; private array ${PHPUnit\Framework\TestCase}iniSettings = []; private array ${PHPUnit\Framework\TestCase}locale = []; private array ${PHPUnit\Framework\TestCase}mockObjects = []; private PHPUnit\Framework\TestStatus\TestStatus ${PHPUnit\Framework\TestCase}status = class PHPUnit\Framework\TestStatus\Unknown { private readonly string ${PHPUnit\Framework\TestStatus\TestStatus}message = '' }; private int ${PHPUnit\Framework\TestCase}numberOfAssertionsPerformed = 0; private mixed ${PHPUnit\Framework\TestCase}testResult = NULL; private string ${PHPUnit\Framework\TestCase}output = ''; private ?string ${PHPUnit\Framework\TestCase}outputExpectedRegex = NULL; private ?string ${PHPUnit\Framework\TestCase}outputExpectedString = NULL; private bool ${PHPUnit\Framework\TestCase}outputBufferingActive = TRUE; private int ${PHPUnit\Framework\TestCase}outputBufferingLevel = 2; private bool ${PHPUnit\Framework\TestCase}outputRetrievedForAssertion = FALSE; private bool ${PHPUnit\Framework\TestCase}doesNotPerformAssertions = FALSE; private array ${PHPUnit\Framework\TestCase}customComparators = []; private ?PHPUnit\Event\Code\TestMethod ${PHPUnit\Framework\TestCase}testValueObjectForEvents = class PHPUnit\Event\Code\TestMethod { private readonly string ${PHPUnit\Event\Code\Test}file = 'C:\\Program Files\\Ampps\\www\\fratellanza-militare-archivio\\vendor\\pestphp\\pest\\src\\Factories\\TestCaseFactory.php(169) : eval()\'d code'; private readonly string $className = 'P\\Tests\\Unit\\DocumentoTest'; private readonly string $methodName = '__pest_evaluable_verifica_integrita_documento'; private readonly int $line = 15; private readonly PHPUnit\Event\Code\TestDox $testDox = class PHPUnit\Event\Code\TestDox { ... }; private readonly PHPUnit\Metadata\MetadataCollection $metadata = class PHPUnit\Metadata\MetadataCollection { ... }; private readonly PHPUnit\Event\TestData\TestDataCollection $testData = class PHPUnit\Event\TestData\TestDataCollection { ... } }; private bool ${PHPUnit\Framework\TestCase}wasPrepared = TRUE; private array ${PHPUnit\Framework\TestCase}failureTypes = []; private array ${PHPUnit\Framework\TestCase}expectedUserDeprecationMessage = []; private array ${PHPUnit\Framework\TestCase}expectedUserDeprecationMessageRegularExpression = []; public ?PDO $db = class PDO {  }; public ?FratellanzaMilitare\InfrastrutturaIT\Persistence\PDOSocioRepository $repo = NULL; public ?FratellanzaMilitare\SecurityLayer\AccessControlList $acl = NULL; public ?FratellanzaMilitare\SecurityLayer\Amministratore $admin = NULL; public ?FratellanzaMilitare\SecurityLayer\Operatore $operatore = NULL; public ?string $logFile = NULL; protected $app = NULL; public $pdo = NULL; private string $__description = 'verifica integrita documento'; public array $__describing = []; public bool $__ran = TRUE; private Closure $__test = class Closure { public $static = [...]; public $this = class Pest\Factories\TestCaseMethodFactory { ... }; public $parameter = [...] }; private ?Closure $__beforeEach = NULL; private ?Closure $__afterEach = NULL; private array $__snapshotChanges = []; private ?Pest\Arch\Options\TestCaseOptions $options = NULL }) C:\Program Files\Ampps\www\fratellanza-militare-archivio\vendor\phpunit\phpunit\src\Framework\TestCase.php:361
PHP  12. PHPUnit\Framework\TestCase->runBare() C:\Program Files\Ampps\www\fratellanza-militare-archivio\vendor\phpunit\phpunit\src\Framework\TestRunner\TestRunner.php:87
PHP  13. PHPUnit\Framework\TestCase->runTest() C:\Program Files\Ampps\www\fratellanza-militare-archivio\vendor\phpunit\phpunit\src\Framework\TestCase.php:514
PHP  14. P\Tests\Unit\DocumentoTest->__pest_evaluable_verifica_integrita_documento() C:\Program Files\Ampps\www\fratellanza-militare-archivio\vendor\phpunit\phpunit\src\Framework\TestCase.php:1656
PHP  15. P\Tests\Unit\DocumentoTest->__runTest($closure = class Closure { public $static = ['testCase' => class Pest\Factories\TestCaseFactory { ... }, 'method' => class Pest\Factories\TestCaseMethodFactory { ... }, 'closure' => class Closure { ... }]; public $this = class Pest\Factories\TestCaseMethodFactory { public array $attributes = [...]; public array $describing = [...]; public ?string $description = 'verifica integrita documento'; public int $repetitions = 1; public bool $todo = FALSE; public array $issues = [...]; public array $assignees = [...]; public array $prs = [...]; public array $notes = [...]; public array $datasets = [...]; public array $depends = [...]; public array $groups = [...]; public bool $__ran = FALSE; public string $filename = 'C:\\Program Files\\Ampps\\www\\fratellanza-militare-archivio\\tests\\Unit\\DocumentoTest.php'; public ?Closure $closure = class Closure { ... }; public Pest\Support\HigherOrderMessageCollection $chains = class Pest\Support\HigherOrderMessageCollection { ... }; public Pest\Support\HigherOrderMessageCollection $factoryProxies = class Pest\Support\HigherOrderMessageCollection { ... }; public Pest\Support\HigherOrderMessageCollection $proxies = class Pest\Support\HigherOrderMessageCollection { ... } }; public $parameter = ['$arguments' => '<optional>'] }) C:\Program Files\Ampps\www\fratellanza-militare-archivio\vendor\pestphp\pest\src\Factories\TestCaseFactory.php(169) : eval()'d code:17
PHP  16. P\Tests\Unit\DocumentoTest->__callClosure($closure = class Closure { public $static = ['testCase' => class Pest\Factories\TestCaseFactory { ... }, 'method' => class Pest\Factories\TestCaseMethodFactory { ... }, 'closure' => class Closure { ... }]; public $this = class Pest\Factories\TestCaseMethodFactory { public array $attributes = [...]; public array $describing = [...]; public ?string $description = 'verifica integrita documento'; public int $repetitions = 1; public bool $todo = FALSE; public array $issues = [...]; public array $assignees = [...]; public array $prs = [...]; public array $notes = [...]; public array $datasets = [...]; public array $depends = [...]; public array $groups = [...]; public bool $__ran = FALSE; public string $filename = 'C:\\Program Files\\Ampps\\www\\fratellanza-militare-archivio\\tests\\Unit\\DocumentoTest.php'; public ?Closure $closure = class Closure { ... }; public Pest\Support\HigherOrderMessageCollection $chains = class Pest\Support\HigherOrderMessageCollection { ... }; public Pest\Support\HigherOrderMessageCollection $factoryProxies = class Pest\Support\HigherOrderMessageCollection { ... }; public Pest\Support\HigherOrderMessageCollection $proxies = class Pest\Support\HigherOrderMessageCollection { ... } }; public $parameter = ['$arguments' => '<optional>'] }, $arguments = []) C:\Program Files\Ampps\www\fratellanza-militare-archivio\vendor\pestphp\pest\src\Concerns\Testable.php:321
PHP  17. Pest\Support\ExceptionTrace::ensure($closure = class Closure { public $static = ['closure' => class Closure { ... }, 'arguments' => [...]]; public $this = class P\Tests\Unit\DocumentoTest { private ?bool ${PHPUnit\Framework\TestCase}backupGlobals = FALSE; private array ${PHPUnit\Framework\TestCase}backupGlobalsExcludeList = [...]; private ?bool ${PHPUnit\Framework\TestCase}backupStaticProperties = FALSE; private array ${PHPUnit\Framework\TestCase}backupStaticPropertiesExcludeList = [...]; private ?SebastianBergmann\GlobalState\Snapshot ${PHPUnit\Framework\TestCase}snapshot = NULL; private ?array ${PHPUnit\Framework\TestCase}backupGlobalErrorHandlers = [...]; private ?array ${PHPUnit\Framework\TestCase}backupGlobalExceptionHandlers = [...]; private ?bool ${PHPUnit\Framework\TestCase}runClassInSeparateProcess = NULL; private ?bool ${PHPUnit\Framework\TestCase}runTestInSeparateProcess = NULL; private bool ${PHPUnit\Framework\TestCase}preserveGlobalState = FALSE; private bool ${PHPUnit\Framework\TestCase}inIsolation = FALSE; private ?string ${PHPUnit\Framework\TestCase}expectedException = NULL; private ?string ${PHPUnit\Framework\TestCase}expectedExceptionMessage = NULL; private ?string ${PHPUnit\Framework\TestCase}expectedExceptionMessageRegExp = NULL; private string|int|null ${PHPUnit\Framework\TestCase}expectedExceptionCode = NULL; private array ${PHPUnit\Framework\TestCase}providedTests = [...]; private array ${PHPUnit\Framework\TestCase}data = [...]; private string|int ${PHPUnit\Framework\TestCase}dataName = ''; private string ${PHPUnit\Framework\TestCase}methodName = '__pest_evaluable_verifica_integrita_documento'; private array ${PHPUnit\Framework\TestCase}groups = [...]; private array ${PHPUnit\Framework\TestCase}dependencies = [...]; private array ${PHPUnit\Framework\TestCase}dependencyInput = [...]; private array ${PHPUnit\Framework\TestCase}iniSettings = [...]; private array ${PHPUnit\Framework\TestCase}locale = [...]; private array ${PHPUnit\Framework\TestCase}mockObjects = [...]; private PHPUnit\Framework\TestStatus\TestStatus ${PHPUnit\Framework\TestCase}status = class PHPUnit\Framework\TestStatus\Unknown { ... }; private int ${PHPUnit\Framework\TestCase}numberOfAssertionsPerformed = 0; private mixed ${PHPUnit\Framework\TestCase}testResult = NULL; private string ${PHPUnit\Framework\TestCase}output = ''; private ?string ${PHPUnit\Framework\TestCase}outputExpectedRegex = NULL; private ?string ${PHPUnit\Framework\TestCase}outputExpectedString = NULL; private bool ${PHPUnit\Framework\TestCase}outputBufferingActive = TRUE; private int ${PHPUnit\Framework\TestCase}outputBufferingLevel = 2; private bool ${PHPUnit\Framework\TestCase}outputRetrievedForAssertion = FALSE; private bool ${PHPUnit\Framework\TestCase}doesNotPerformAssertions = FALSE; private array ${PHPUnit\Framework\TestCase}customComparators = [...]; private ?PHPUnit\Event\Code\TestMethod ${PHPUnit\Framework\TestCase}testValueObjectForEvents = class PHPUnit\Event\Code\TestMethod { ... }; private bool ${PHPUnit\Framework\TestCase}wasPrepared = TRUE; private array ${PHPUnit\Framework\TestCase}failureTypes = [...]; private array ${PHPUnit\Framework\TestCase}expectedUserDeprecationMessage = [...]; private array ${PHPUnit\Framework\TestCase}expectedUserDeprecationMessageRegularExpression = [...]; public ?PDO $db = class PDO { ... }; public ?FratellanzaMilitare\InfrastrutturaIT\Persistence\PDOSocioRepository $repo = NULL; public ?FratellanzaMilitare\SecurityLayer\AccessControlList $acl = NULL; public ?FratellanzaMilitare\SecurityLayer\Amministratore $admin = NULL; public ?FratellanzaMilitare\SecurityLayer\Operatore $operatore = NULL; public ?string $logFile = NULL; protected $app = NULL; public $pdo = NULL; private string $__description = 'verifica integrita documento'; public array $__describing = [...]; public bool $__ran = TRUE; private Closure $__test = class Closure { ... }; private ?Closure $__beforeEach = NULL; private ?Closure $__afterEach = NULL; private array $__snapshotChanges = [...]; private ?Pest\Arch\Options\TestCaseOptions $options = NULL } }) C:\Program Files\Ampps\www\fratellanza-militare-archivio\vendor\pestphp\pest\src\Concerns\Testable.php:419
PHP  18. P\Tests\Unit\DocumentoTest->Pest\Concerns\{closure:C:\Program Files\Ampps\www\fratellanza-militare-archivio\vendor\pestphp\pest\src\Concerns\Testable.php:419-419}() C:\Program Files\Ampps\www\fratellanza-militare-archivio\vendor\pestphp\pest\src\Support\ExceptionTrace.php:26
PHP  19. call_user_func_array:{C:\Program Files\Ampps\www\fratellanza-militare-archivio\vendor\pestphp\pest\src\Concerns\Testable.php:419}($callback = class Closure { public $static = ['testCase' => class Pest\Factories\TestCaseFactory { ... }, 'method' => class Pest\Factories\TestCaseMethodFactory { ... }, 'closure' => class Closure { ... }]; public $this = class P\Tests\Unit\DocumentoTest { private ?bool ${PHPUnit\Framework\TestCase}backupGlobals = FALSE; private array ${PHPUnit\Framework\TestCase}backupGlobalsExcludeList = [...]; private ?bool ${PHPUnit\Framework\TestCase}backupStaticProperties = FALSE; private array ${PHPUnit\Framework\TestCase}backupStaticPropertiesExcludeList = [...]; private ?SebastianBergmann\GlobalState\Snapshot ${PHPUnit\Framework\TestCase}snapshot = NULL; private ?array ${PHPUnit\Framework\TestCase}backupGlobalErrorHandlers = [...]; private ?array ${PHPUnit\Framework\TestCase}backupGlobalExceptionHandlers = [...]; private ?bool ${PHPUnit\Framework\TestCase}runClassInSeparateProcess = NULL; private ?bool ${PHPUnit\Framework\TestCase}runTestInSeparateProcess = NULL; private bool ${PHPUnit\Framework\TestCase}preserveGlobalState = FALSE; private bool ${PHPUnit\Framework\TestCase}inIsolation = FALSE; private ?string ${PHPUnit\Framework\TestCase}expectedException = NULL; private ?string ${PHPUnit\Framework\TestCase}expectedExceptionMessage = NULL; private ?string ${PHPUnit\Framework\TestCase}expectedExceptionMessageRegExp = NULL; private string|int|null ${PHPUnit\Framework\TestCase}expectedExceptionCode = NULL; private array ${PHPUnit\Framework\TestCase}providedTests = [...]; private array ${PHPUnit\Framework\TestCase}data = [...]; private string|int ${PHPUnit\Framework\TestCase}dataName = ''; private string ${PHPUnit\Framework\TestCase}methodName = '__pest_evaluable_verifica_integrita_documento'; private array ${PHPUnit\Framework\TestCase}groups = [...]; private array ${PHPUnit\Framework\TestCase}dependencies = [...]; private array ${PHPUnit\Framework\TestCase}dependencyInput = [...]; private array ${PHPUnit\Framework\TestCase}iniSettings = [...]; private array ${PHPUnit\Framework\TestCase}locale = [...]; private array ${PHPUnit\Framework\TestCase}mockObjects = [...]; private PHPUnit\Framework\TestStatus\TestStatus ${PHPUnit\Framework\TestCase}status = class PHPUnit\Framework\TestStatus\Unknown { ... }; private int ${PHPUnit\Framework\TestCase}numberOfAssertionsPerformed = 0; private mixed ${PHPUnit\Framework\TestCase}testResult = NULL; private string ${PHPUnit\Framework\TestCase}output = ''; private ?string ${PHPUnit\Framework\TestCase}outputExpectedRegex = NULL; private ?string ${PHPUnit\Framework\TestCase}outputExpectedString = NULL; private bool ${PHPUnit\Framework\TestCase}outputBufferingActive = TRUE; private int ${PHPUnit\Framework\TestCase}outputBufferingLevel = 2; private bool ${PHPUnit\Framework\TestCase}outputRetrievedForAssertion = FALSE; private bool ${PHPUnit\Framework\TestCase}doesNotPerformAssertions = FALSE; private array ${PHPUnit\Framework\TestCase}customComparators = [...]; private ?PHPUnit\Event\Code\TestMethod ${PHPUnit\Framework\TestCase}testValueObjectForEvents = class PHPUnit\Event\Code\TestMethod { ... }; private bool ${PHPUnit\Framework\TestCase}wasPrepared = TRUE; private array ${PHPUnit\Framework\TestCase}failureTypes = [...]; private array ${PHPUnit\Framework\TestCase}expectedUserDeprecationMessage = [...]; private array ${PHPUnit\Framework\TestCase}expectedUserDeprecationMessageRegularExpression = [...]; public ?PDO $db = class PDO { ... }; public ?FratellanzaMilitare\InfrastrutturaIT\Persistence\PDOSocioRepository $repo = NULL; public ?FratellanzaMilitare\SecurityLayer\AccessControlList $acl = NULL; public ?FratellanzaMilitare\SecurityLayer\Amministratore $admin = NULL; public ?FratellanzaMilitare\SecurityLayer\Operatore $operatore = NULL; public ?string $logFile = NULL; protected $app = NULL; public $pdo = NULL; private string $__description = 'verifica integrita documento'; public array $__describing = [...]; public bool $__ran = TRUE; private Closure $__test = class Closure { ... }; private ?Closure $__beforeEach = NULL; private ?Closure $__afterEach = NULL; private array $__snapshotChanges = [...]; private ?Pest\Arch\Options\TestCaseOptions $options = NULL }; public $parameter = ['$arguments' => '<optional>'] }, $args = []) C:\Program Files\Ampps\www\fratellanza-militare-archivio\vendor\pestphp\pest\src\Concerns\Testable.php:419
PHP  20. P\Tests\Unit\DocumentoTest->Pest\Factories\{closure:C:\Program Files\Ampps\www\fratellanza-militare-archivio\vendor\pestphp\pest\src\Factories\TestCaseMethodFactory.php:158-169}() C:\Program Files\Ampps\www\fratellanza-militare-archivio\vendor\pestphp\pest\src\Concerns\Testable.php:419
PHP  21. P\Tests\Unit\DocumentoTest->{closure:C:\Program Files\Ampps\www\fratellanza-militare-archivio\tests\Unit\DocumentoTest.php:5-18}() C:\Program Files\Ampps\www\fratellanza-militare-archivio\vendor\pestphp\pest\src\Factories\TestCaseMethodFactory.php:168
PHP  22. Composer\Autoload\ClassLoader->loadClass($class = 'FratellanzaMilitare\\GestioneSoci\\ModuloIscrizione') C:\Program Files\Ampps\www\fratellanza-militare-archivio\tests\Unit\DocumentoTest.php:6
PHP  23. Composer\Autoload\{closure:C:\Program Files\Ampps\www\fratellanza-militare-archivio\vendor\composer\ClassLoader.php:575-577}($file = 'C:\\Program Files\\Ampps\\www\\fratellanza-militare-archivio\\vendor\\composer/../../src\\GestioneSoci\\ModuloIscrizione.php') C:\Program Files\Ampps\www\fratellanza-militare-archivio\vendor\composer\ClassLoader.php:427
